≡ƒº¬ Testing WhatsApp webhook at: http://localhost:3000/api/webhook/whatsapp
============================================================

≡ƒôñ Test 1: Sending valid WhatsApp message...
Status: 200
Response: {
  "success": true
}

≡ƒôñ Test 2: Sending duplicate message...
First attempt: {
  "success": true
}
Second attempt (should be duplicate): {
  "success": true
}

≡ƒôñ Test 3: Sending invalid request (missing messageId)...
Status: 400
Response (should show error): {
  "error": "Invalid payload"
}

≡ƒôÑ Test 4: Retrieving stored messages...
Status: 200
Found 0 messages
Recent messages: {
  "success": true,
  "messages": [],
  "count": 0
}

============================================================
Γ£à All tests completed!

To test with your live server:
node test-webhook.js https://your-app.vercel.app
